// Jest Snapshot v1, https://goo.gl/fbAQLP

exports[`renders correctly 1`] = `
<div
  className="container"
>
  <div>
    Child 1
  </div>
  <div>
    Child 2
  </div>
</div>
`;
