// Jest Snapshot v1, https://goo.gl/fbAQLP

exports[`renders correctly 1`] = `
<div>
  <h2>
    Leon Scott Kennedy
  </h2>
  <div
    className="container"
  >
    <div
      className="knife"
    >
      Knife
    </div>
    <div
      className="loadingMessage"
    >
      Loading...
    </div>
    <div
      className="loadingMessage"
    >
      Loading...
    </div>
  </div>
</div>
`;
